// Jest Snapshot v1, https://goo.gl/fbAQLP

exports[`babelPluginHoistRegex Test Snapshot 1`] = `
"const _rgx = /[0-9]+/;
const _regex = /[0-9]+/;

function ramin(numberLiteral) {
  const {
    input
  } = _regex.exec(numberLiteral);

  const a = () => {
    const {
      input
    } = _regex.exec(numberLiteral);
  };

  return input;
}"
`;
